Release 14.7 - xst P.20131013 (lin64)
Copyright (c) 1995-2013 Xilinx, Inc.  All rights reserved.
--> 
Parameter TMPDIR set to xst/projnav.tmp


Total REAL time to Xst completion: 0.00 secs
Total CPU time to Xst completion: 0.05 secs
 
--> 
Parameter xsthdpdir set to xst


Total REAL time to Xst completion: 0.00 secs
Total CPU time to Xst completion: 0.05 secs
 
--> 
Reading design: alu.prj

TABLE OF CONTENTS
  1) Synthesis Options Summary
  2) HDL Compilation
  3) Design Hierarchy Analysis
  4) HDL Analysis
  5) HDL Synthesis
     5.1) HDL Synthesis Report
  6) Advanced HDL Synthesis
     6.1) Advanced HDL Synthesis Report
  7) Low Level Synthesis
  8) Partition Report
  9) Final Report
	9.1) Device utilization summary
	9.2) Partition Resource Summary
	9.3) TIMING REPORT


=========================================================================
*                      Synthesis Options Summary                        *
=========================================================================
---- Source Parameters
Input File Name                    : "alu.prj"
Input Format                       : mixed
Ignore Synthesis Constraint File   : NO

---- Target Parameters
Output File Name                   : "alu"
Output Format                      : NGC
Target Device                      : xc3s700a-4-fg484

---- Source Options
Top Module Name                    : alu
Automatic FSM Extraction           : YES
FSM Encoding Algorithm             : Auto
Safe Implementation                : No
FSM Style                          : LUT
RAM Extraction                     : Yes
RAM Style                          : Auto
ROM Extraction                     : Yes
Mux Style                          : Auto
Decoder Extraction                 : YES
Priority Encoder Extraction        : Yes
Shift Register Extraction          : YES
Logical Shifter Extraction         : YES
XOR Collapsing                     : YES
ROM Style                          : Auto
Mux Extraction                     : Yes
Resource Sharing                   : YES
Asynchronous To Synchronous        : NO
Multiplier Style                   : Auto
Automatic Register Balancing       : No

---- Target Options
Add IO Buffers                     : YES
Global Maximum Fanout              : 100000
Add Generic Clock Buffer(BUFG)     : 24
Register Duplication               : YES
Slice Packing                      : YES
Optimize Instantiated Primitives   : NO
Use Clock Enable                   : Yes
Use Synchronous Set                : Yes
Use Synchronous Reset              : Yes
Pack IO Registers into IOBs        : Auto
Equivalent register Removal        : YES

---- General Options
Optimization Goal                  : Speed
Optimization Effort                : 1
Keep Hierarchy                     : No
Netlist Hierarchy                  : As_Optimized
RTL Output                         : Yes
Global Optimization                : AllClockNets
Read Cores                         : YES
Write Timing Constraints           : NO
Cross Clock Analysis               : NO
Hierarchy Separator                : /
Bus Delimiter                      : <>
Case Specifier                     : Maintain
Slice Utilization Ratio            : 100
BRAM Utilization Ratio             : 100
Verilog 2001                       : YES
Auto BRAM Packing                  : NO
Slice Utilization Ratio Delta      : 5

=========================================================================


=========================================================================
*                          HDL Compilation                              *
=========================================================================
Compiling verilog file "alu.v" in library work
Module <alu> compiled
No errors in compilation
Analysis of file <"alu.prj"> succeeded.
 

=========================================================================
*                     Design Hierarchy Analysis                         *
=========================================================================
Analyzing hierarchy for module <alu> in library <work>.


=========================================================================
*                            HDL Analysis                               *
=========================================================================
Analyzing top module <alu>.
Module <alu> is correct for synthesis.
 

=========================================================================
*                           HDL Synthesis                               *
=========================================================================

Performing bidirectional port resolution...

Synthesizing Unit <alu>.
    Related source file is "alu.v".
WARNING:Xst:643 - "alu.v" line 15: The result of a 32x32-bit multiplication is partially used. Only the 32 least significant bits are used. If you are doing this on purpose, you may safely ignore this warning. Otherwise, make sure you are not losing information, leading to unexpected circuit behavior.
    Found 4x1-bit ROM for signal <err>.
    Found 32-bit 4-to-1 multiplexer for signal <X>.
    Found 32-bit addsub for signal <X$addsub0000>.
    Found 32x32-bit multiplier for signal <X$mult0001> created at line 15.
    Summary:
	inferred   1 ROM(s).
	inferred   1 Adder/Subtractor(s).
	inferred   1 Multiplier(s).
	inferred  32 Multiplexer(s).
Unit <alu> synthesized.

INFO:Xst:1767 - HDL ADVISOR - Resource sharing has identified that some arithmetic operations in this design can share the same physical resources for reduced device utilization. For improved clock frequency you may try to disable resource sharing.

=========================================================================
HDL Synthesis Report

Macro Statistics
# ROMs                                                 : 1
 4x1-bit ROM                                           : 1
# Multipliers                                          : 1
 32x32-bit multiplier                                  : 1
# Adders/Subtractors                                   : 1
 32-bit addsub                                         : 1
# Multiplexers                                         : 1
 32-bit 4-to-1 multiplexer                             : 1

=========================================================================

=========================================================================
*                       Advanced HDL Synthesis                          *
=========================================================================


=========================================================================
Advanced HDL Synthesis Report

Macro Statistics
# ROMs                                                 : 1
 4x1-bit ROM                                           : 1
# Multipliers                                          : 1
 32x32-bit multiplier                                  : 1
# Adders/Subtractors                                   : 1
 32-bit addsub                                         : 1
# Multiplexers                                         : 1
 32-bit 4-to-1 multiplexer                             : 1

=========================================================================

=========================================================================
*                         Low Level Synthesis                           *
=========================================================================
WARNING:Xst:2677 - Node <Mmult_X_mult0001_submult_11> of sequential type is unconnected in block <alu>.

Optimizing unit <alu> ...

Mapping all equations...
Building and optimizing final netlist ...
Found area constraint ratio of 100 (+ 5) on block alu, actual ratio is 0.

Final Macro Processing ...

=========================================================================
Final Register Report

Found no macro
=========================================================================

=========================================================================
*                           Partition Report                            *
=========================================================================

Partition Implementation Status
-------------------------------

  No Partitions were found in this design.

-------------------------------

=========================================================================
*                            Final Report                               *
=========================================================================
Final Results
RTL Top Level Output File Name     : alu.ngr
Top Level Output File Name         : alu
Output Format                      : NGC
Optimization Goal                  : Speed
Keep Hierarchy                     : No

Design Statistics
# IOs                              : 99

Cell Usage :
# BELS                             : 218
#      GND                         : 1
#      LUT2                        : 32
#      LUT4                        : 64
#      MUXCY                       : 59
#      XORCY                       : 62
# IO Buffers                       : 99
#      IBUF                        : 66
#      OBUF                        : 33
# MULTs                            : 3
#      MULT18X18SIO                : 3
=========================================================================

Device utilization summary:
---------------------------

Selected Device : 3s700afg484-4 

 Number of Slices:                       52  out of   5888     0%  
 Number of 4 input LUTs:                 96  out of  11776     0%  
 Number of IOs:                          99
 Number of bonded IOBs:                  99  out of    372    26%  
 Number of MULT18X18SIOs:                 3  out of     20    15%  

---------------------------
Partition Resource Summary:
---------------------------

  No Partitions were found in this design.

---------------------------


=========================================================================
TIMING REPORT

NOTE: THESE TIMING NUMBERS ARE ONLY A SYNTHESIS ESTIMATE.
      FOR ACCURATE TIMING INFORMATION PLEASE REFER TO THE TRACE REPORT
      GENERATED AFTER PLACE-and-ROUTE.

Clock Information:
------------------
No clock signals found in this design

Asynchronous Control Signals Information:
----------------------------------------
No asynchronous control signals found in this design

Timing Summary:
---------------
Speed Grade: -4

   Minimum period: No path found
   Minimum input arrival time before clock: No path found
   Maximum output required time after clock: No path found
   Maximum combinational path delay: 18.379ns

Timing Detail:
--------------
All values displayed in nanoseconds (ns)

=========================================================================
Timing constraint: Default path analysis
  Total number of paths / destination ports: 91156 / 33
-------------------------------------------------------------------------
Delay:               18.379ns (Levels of Logic = 22)
  Source:            A<16> (PAD)
  Destination:       X<31> (PAD)

  Data Path: A<16> to X<31>
                                Gate     Net
    Cell:in->out      fanout   Delay   Delay  Logical Name (Net Name)
    ----------------------------------------  ------------
     IBUF:I->O             3   0.849   0.531  A_16_IBUF (A_16_IBUF)
     MULT18X18SIO:A16->P17    1   4.873   0.500  Mmult_X_mult0001_submult_0 (Mmult_X_mult0001_submult_0_P_to_Adder_A_17)
     LUT2:I1->O            1   0.643   0.000  Mmult_X_mult0001_submult_00_Madd_lut<17> (Mmult_X_mult0001_submult_00_Madd_lut<17>)
     MUXCY:S->O            1   0.632   0.000  Mmult_X_mult0001_submult_00_Madd_cy<17> (Mmult_X_mult0001_submult_00_Madd_cy<17>)
     MUXCY:CI->O           1   0.065   0.000  Mmult_X_mult0001_submult_00_Madd_cy<18> (Mmult_X_mult0001_submult_00_Madd_cy<18>)
     MUXCY:CI->O           1   0.065   0.000  Mmult_X_mult0001_submult_00_Madd_cy<19> (Mmult_X_mult0001_submult_00_Madd_cy<19>)
     MUXCY:CI->O           1   0.065   0.000  Mmult_X_mult0001_submult_00_Madd_cy<20> (Mmult_X_mult0001_submult_00_Madd_cy<20>)
     MUXCY:CI->O           1   0.065   0.000  Mmult_X_mult0001_submult_00_Madd_cy<21> (Mmult_X_mult0001_submult_00_Madd_cy<21>)
     MUXCY:CI->O           1   0.065   0.000  Mmult_X_mult0001_submult_00_Madd_cy<22> (Mmult_X_mult0001_submult_00_Madd_cy<22>)
     MUXCY:CI->O           1   0.065   0.000  Mmult_X_mult0001_submult_00_Madd_cy<23> (Mmult_X_mult0001_submult_00_Madd_cy<23>)
     MUXCY:CI->O           1   0.065   0.000  Mmult_X_mult0001_submult_00_Madd_cy<24> (Mmult_X_mult0001_submult_00_Madd_cy<24>)
     MUXCY:CI->O           1   0.065   0.000  Mmult_X_mult0001_submult_00_Madd_cy<25> (Mmult_X_mult0001_submult_00_Madd_cy<25>)
     MUXCY:CI->O           1   0.065   0.000  Mmult_X_mult0001_submult_00_Madd_cy<26> (Mmult_X_mult0001_submult_00_Madd_cy<26>)
     MUXCY:CI->O           1   0.065   0.000  Mmult_X_mult0001_submult_00_Madd_cy<27> (Mmult_X_mult0001_submult_00_Madd_cy<27>)
     MUXCY:CI->O           1   0.065   0.000  Mmult_X_mult0001_submult_00_Madd_cy<28> (Mmult_X_mult0001_submult_00_Madd_cy<28>)
     MUXCY:CI->O           1   0.065   0.000  Mmult_X_mult0001_submult_00_Madd_cy<29> (Mmult_X_mult0001_submult_00_Madd_cy<29>)
     XORCY:CI->O           1   0.844   0.563  Mmult_X_mult0001_submult_00_Madd_xor<30> (Mmult_X_mult0001_submult_0_30)
     LUT2:I0->O            1   0.648   0.000  Mmult_X_mult0001_Madd_lut<30> (Mmult_X_mult0001_Madd_lut<30>)
     MUXCY:S->O            0   0.632   0.000  Mmult_X_mult0001_Madd_cy<30> (Mmult_X_mult0001_Madd_cy<30>)
     XORCY:CI->O           1   0.844   0.452  Mmult_X_mult0001_Madd_xor<31> (X_mult0001<31>)
     LUT4:I2->O            1   0.648   0.420  Mmux_X251 (X_31_OBUF)
     OBUF:I->O                 4.520          X_31_OBUF (X<31>)
    ----------------------------------------
    Total                     18.379ns (15.913ns logic, 2.466ns route)
                                       (86.6% logic, 13.4% route)

=========================================================================


Total REAL time to Xst completion: 5.00 secs
Total CPU time to Xst completion: 4.69 secs
 
--> 


Total memory usage is 526888 kilobytes

Number of errors   :    0 (   0 filtered)
Number of warnings :    2 (   0 filtered)
Number of infos    :    1 (   0 filtered)

